current directory: /Users/mac_2025/Home_Projects/rollcall/vendor/bundle/ruby/3.2.0/gems/date-3.4.1/ext/date
/Users/mac_2025/.rbenv/versions/3.2.2/bin/ruby extconf.rb
checking for rb_category_warn()... yes
checking for timezone in time.h with  -Werror... yes
checking for altzone in time.h with  -Werror... no
creating Makefile

current directory: /Users/mac_2025/Home_Projects/rollcall/vendor/bundle/ruby/3.2.0/gems/date-3.4.1/ext/date
make DESTDIR\= sitearchdir\=./.gem.20250512-84425-fhkzmc sitelibdir\=./.gem.20250512-84425-fhkzmc clean

current directory: /Users/mac_2025/Home_Projects/rollcall/vendor/bundle/ruby/3.2.0/gems/date-3.4.1/ext/date
make DESTDIR\= sitearchdir\=./.gem.20250512-84425-fhkzmc sitelibdir\=./.gem.20250512-84425-fhkzmc
compiling date_core.c
compiling date_parse.c
compiling date_strftime.c
compiling date_strptime.c
linking shared-object date_core.bundle
ld: warning: ignoring duplicate libraries: '-lruby.3.2'

current directory: /Users/mac_2025/Home_Projects/rollcall/vendor/bundle/ruby/3.2.0/gems/date-3.4.1/ext/date
make DESTDIR\= sitearchdir\=./.gem.20250512-84425-fhkzmc sitelibdir\=./.gem.20250512-84425-fhkzmc install
/usr/bin/install -c -m 0755 date_core.bundle ./.gem.20250512-84425-fhkzmc

current directory: /Users/mac_2025/Home_Projects/rollcall/vendor/bundle/ruby/3.2.0/gems/date-3.4.1/ext/date
make DESTDIR\= sitearchdir\=./.gem.20250512-84425-fhkzmc sitelibdir\=./.gem.20250512-84425-fhkzmc clean
