current directory: /Users/mac_2025/Home_Projects/rollcall/vendor/bundle/ruby/3.2.0/gems/json-2.10.2/ext/json/ext/parser
/Users/mac_2025/.rbenv/versions/3.2.2/bin/ruby extconf.rb
checking for rb_enc_interned_str() in ruby.h... yes
checking for rb_hash_new_capa() in ruby.h... yes
checking for rb_hash_bulk_insert() in ruby.h... yes
checking for rb_category_warn() in ruby.h... yes
checking for strnlen() in string.h... yes
checking for whether -std=c99 is accepted as CFLAGS... yes
creating Makefile

current directory: /Users/mac_2025/Home_Projects/rollcall/vendor/bundle/ruby/3.2.0/gems/json-2.10.2/ext/json/ext/parser
make DESTDIR\= sitearchdir\=./.gem.20250512-84425-fb3ama sitelibdir\=./.gem.20250512-84425-fb3ama clean

current directory: /Users/mac_2025/Home_Projects/rollcall/vendor/bundle/ruby/3.2.0/gems/json-2.10.2/ext/json/ext/parser
make DESTDIR\= sitearchdir\=./.gem.20250512-84425-fb3ama sitelibdir\=./.gem.20250512-84425-fb3ama
compiling parser.c
linking shared-object json/ext/parser.bundle
ld: warning: ignoring duplicate libraries: '-lruby.3.2'

current directory: /Users/mac_2025/Home_Projects/rollcall/vendor/bundle/ruby/3.2.0/gems/json-2.10.2/ext/json/ext/parser
make DESTDIR\= sitearchdir\=./.gem.20250512-84425-fb3ama sitelibdir\=./.gem.20250512-84425-fb3ama install
/usr/bin/install -c -m 0755 parser.bundle ./.gem.20250512-84425-fb3ama/json/ext

current directory: /Users/mac_2025/Home_Projects/rollcall/vendor/bundle/ruby/3.2.0/gems/json-2.10.2/ext/json/ext/parser
make DESTDIR\= sitearchdir\=./.gem.20250512-84425-fb3ama sitelibdir\=./.gem.20250512-84425-fb3ama clean
